<html>
<body>
<pre>
<h1>µVision Build Log</h1>
<h2>Tool Versions:</h2>
IDE-Version: µVision V5.36.0.0
Copyright (C) 2021 ARM Ltd and ARM Germany GmbH. All rights reserved.
License Information: David Orlo, EGE Tech, LIC=42B2V-8EHRQ-AIB5Q-16443-21WVS-ZCPY5
 
Tool Versions:
Toolchain:       MDK-ARM Community  Version: 5.36.0.0
Toolchain Path:  C:\Keil_v5\ARM\ARMCC\Bin
C Compiler:      Armcc.exe V5.06 update 7 (build 960)
Assembler:       Armasm.exe V5.06 update 7 (build 960)
Linker/Locator:  ArmLink.exe V5.06 update 7 (build 960)
Library Manager: ArmAr.exe V5.06 update 7 (build 960)
Hex Converter:   FromElf.exe V5.06 update 7 (build 960)
CPU DLL:         SARMCM3.DLL V5.36.0.0
Dialog DLL:      DCM.DLL V1.17.3.0
Target DLL:      UL2CM3.DLL V1.164.0.0
Dialog DLL:      TCM.DLL V1.53.0.0
 
<h2>Project:</h2>
C:\CodeX\Git\King_Kobra_Go\workspace\king_kobtra.uvprojx
Project File Date:  11/26/2023

<h2>Output:</h2>
*** Using Compiler 'V5.06 update 7 (build 960)', folder: 'C:\Keil_v5\ARM\ARMCC\Bin'
*** Warning: You are compiling one or more files of source type C++ and have selected 'use MicroLIB'. MicroLIB does not support C++!
  
Rebuild target 'King_Kobra_Firmware'
compiling Print.cpp...
compiling bsp_flash.cpp...
compiling WString.cpp...
compiling app_uart.cpp...
compiling HardwareSerial.cpp...
compiling bsp_adc.cpp...
compiling bsp_ots.cpp...
compiling bsp_sdio.cpp...
compiling bsp_pwm.cpp...
compiling bsp_irq.cpp...
compiling bsp_rmu.cpp...
compiling Stream.cpp...
compiling bsp_init.cpp...
compiling bsp_timer.cpp...
compiling bsp_wdt.cpp...
compiling bsp_spi_tft.cpp...
compiling board_adc.cpp...
compiling sd_card.c...
compiling main.cpp...
compiling hc32f46x_can.c...
compiling sdmmc_cmd.c...
compiling board_sdio.cpp...
compiling board_tim0.cpp...
compiling hc32f46x_cmp.c...
compiling hc32f46x_aes.c...
compiling startup.cpp...
compiling hc32f46x_adc.c...
compiling board_gpio.c...
compiling hc32f46x_crc.c...
compiling hc32f46x_clk.c...
compiling hc32f46x_dcu.c...
compiling hc32f46x_efm.c...
compiling hc32f46x_emb.c...
compiling hc32f46x_dmac.c...
compiling hc32f46x_event_port.c...
compiling hc32f46x_gpio.c...
compiling hc32f46x_exint_nmi_swi.c...
compiling hc32f46x_hash.c...
compiling hc32f46x_icg.c...
compiling hc32f46x_keyscan.c...
compiling hc32f46x_i2s.c...
compiling hc32f46x_mpu.c...
compiling hc32f46x_i2c.c...
compiling hc32f46x_ots.c...
compiling hc32f46x_rmu.c...
compiling hc32f46x_qspi.c...
compiling hc32f46x_rtc.c...
compiling hc32f46x_pwc.c...
compiling hc32f46x_interrupts.c...
compiling hc32f46x_spi.c...
compiling hc32f46x_sdioc.c...
compiling hc32f46x_swdt.c...
compiling hc32f46x_timer4_emb.c...
compiling hc32f46x_sram.c...
compiling hc32f46x_timer4_cnt.c...
compiling hc32f46x_timer0.c...
compiling hc32f46x_timer4_pwm.c...
compiling hc32f46x_timer4_oco.c...
compiling hc32f46x_timer4_sevt.c...
compiling hc32f46x_timer6.c...
compiling hc32f46x_trng.c...
compiling hc32f46x_timera.c...
compiling hc32f46x_usart.c...
compiling hc32f46x_wdt.c...
compiling hc32f46x_utility.c...
compiling iwdg.cpp...
compiling flash.cpp...
compiling io.cpp...
compiling Arduino.cpp...
compiling SoftwareSerial.cpp...
compiling COOLCONF.cpp...
compiling CHOPCONF.cpp...
compiling DRV_CONF.cpp...
compiling DRV_STATUS.cpp...
compiling DRVCONF.cpp...
compiling SERIAL_SWITCH.cpp...
compiling DRVCTRL.cpp...
compiling ENCMODE.cpp...
compiling DRVSTATUS.cpp...
assembling startup_hc32f46x.s...
compiling Tone.cpp...
compiling RAMP_STAT.cpp...
compiling GCONF.cpp...
compiling PWMCONF.cpp...
compiling IHOLD_IRUN.cpp...
compiling SGCSCONF.cpp...
compiling SMARTEN.cpp...
compiling SHORT_CONF.cpp...
compiling system_hc32f46x.c...
compiling TMC2209Stepper.cpp...
compiling SW_MODE.cpp...
compiling TMCStepper.cpp...
compiling TMC2208Stepper.cpp...
compiling serial.cpp...
compiling actouch.cpp...
compiling bltouch.cpp...
compiling MarlinCore.cpp...
compiling babystep.cpp...
compiling utility.cpp...
compiling caselight.cpp...
compiling e_parser.cpp...
compiling fwretract.cpp...
compiling host_actions.cpp...
compiling controllerfan.cpp...
compiling power_monitor.cpp...
compiling pause.cpp...
compiling powerloss.cpp...
compiling repeat.cpp...
compiling z_stepper_align.cpp...
compiling runout.cpp...
compiling mesh_bed_leveling.cpp...
compiling ubl.cpp...
compiling bedlevel.cpp...
compiling ubl_G29.cpp...
compiling abl.cpp...
compiling tmc_util.cpp...
compiling gcode_d.cpp...
compiling ubl_motion.cpp...
compiling gcode.cpp...
compiling parser.cpp...
compiling queue.cpp...
compiling G35.cpp...
compiling G26.cpp...
compiling G42.cpp...
compiling G33.cpp...
compiling G34.cpp...
compiling M421.cpp...
compiling M420.cpp...
compiling G34_M422.cpp...
compiling G28.cpp...
compiling G29.cpp...
compiling G76_M192_M871.cpp...
compiling G425.cpp...
compiling M12.cpp...
compiling M100.cpp...
compiling M425.cpp...
compiling M665.cpp...
compiling M48.cpp...
compiling M666.cpp...
compiling M852.cpp...
compiling M43.cpp...
compiling M355.cpp...
compiling M217.cpp...
compiling M92.cpp...
compiling M218.cpp...
compiling M200-M205.cpp...
compiling M220.cpp...
compiling M221.cpp...
compiling M281.cpp...
compiling M301.cpp...
compiling M302.cpp...
compiling M304.cpp...
compiling M305.cpp...
compiling M7-M9.cpp...
compiling M3-M5.cpp...
compiling M540.cpp...
compiling M575.cpp...
compiling M672.cpp...
compiling M42.cpp...
compiling M17_M18_M84.cpp...
compiling M85.cpp...
compiling M80_M81.cpp...
compiling M108_M112_M410.cpp...
compiling M120_M121.cpp...
compiling M111.cpp...
compiling M211.cpp...
compiling M226.cpp...
compiling M280.cpp...
compiling M605.cpp...
compiling M380_M381.cpp...
compiling M350_M351.cpp...
compiling M993_M994.cpp...
compiling M400.cpp...
compiling M997.cpp...
compiling T.cpp...
compiling M999.cpp...
compiling M710.cpp...
compiling M900.cpp...
compiling M500-M504.cpp...
compiling M7219.cpp...
compiling M150.cpp...
compiling M552-M554.cpp...
compiling M907-M910.cpp...
compiling M810-M819.cpp...
compiling G60.cpp...
compiling G27.cpp...
compiling G61.cpp...
compiling M125.cpp...
compiling M603.cpp...
compiling M701_M702.cpp...
compiling M600.cpp...
compiling M430.cpp...
compiling M413.cpp...
compiling M1000.cpp...
compiling M412.cpp...
compiling M122.cpp...
compiling G53-G59.cpp...
compiling G17-G19.cpp...
compiling M569.cpp...
compiling M911-M914.cpp...
compiling M906.cpp...
compiling M16.cpp...
compiling G92.cpp...
compiling M206_M428.cpp...
compiling M110.cpp...
compiling M113.cpp...
compiling M114.cpp...
compiling M115.cpp...
compiling M118.cpp...
compiling M119.cpp...
compiling M360.cpp...
compiling M876.cpp...
compiling M117.cpp...
compiling M73.cpp...
compiling M0_M1.cpp...
compiling M145.cpp...
compiling M250.cpp...
compiling M995.cpp...
compiling M300.cpp...
compiling G0_G1.cpp...
compiling G80.cpp...
compiling G5.cpp...
compiling G2_G3.cpp...
compiling G6.cpp...
compiling G4.cpp...
compiling M290.cpp...
compiling G38.cpp...
compiling G31_G32.cpp...
compiling M951.cpp...
compiling G30.cpp...
compiling M851.cpp...
compiling M401_M402.cpp...
compiling M20.cpp...
compiling M21_M22.cpp...
compiling M27.cpp...
compiling M24_M25.cpp...
compiling M23.cpp...
compiling M28_M29.cpp...
compiling M26.cpp...
compiling M30.cpp...
compiling M33.cpp...
compiling M32.cpp...
compiling M34.cpp...
compiling M524.cpp...
compiling M808.cpp...
compiling M928.cpp...
compiling M1001.cpp...
compiling M31.cpp...
compiling M105.cpp...
compiling M75-M78.cpp...
compiling M104_M109.cpp...
compiling M141_M191.cpp...
compiling M140_M190.cpp...
compiling M106_M107.cpp...
compiling M155.cpp...
compiling M82_M83.cpp...
compiling G20_G21.cpp...
compiling M303.cpp...
compiling M149.cpp...
compiling eeprom_api.cpp...
compiling tft_spi.cpp...
compiling esp_wifi.cpp...
compiling eeprom_flash.cpp...
compiling HAL_spi_L6470.cpp...
compiling dwin_lcd.cpp...
compiling fastio.cpp...
compiling lcdprint.cpp...
compiling eeprom_sdcard.cpp...
compiling sdio.cpp...
compiling timers.cpp...
compiling HAL.cpp...
compiling dgus_Tunes.cpp...
compiling watchdog.cpp...
compiling ui_api.cpp...
compiling fontutils.cpp...
compiling marlinui.cpp...
compiling menu_backlash.cpp...
compiling menu_bed_corners.cpp...
compiling menu_cancelobject.cpp...
compiling menu_led.cpp...
compiling menu.cpp...
compiling menu_info.cpp...
compiling menu_job_recovery.cpp...
compiling menu_bed_leveling.cpp...
compiling menu_language.cpp...
compiling menu_filament.cpp...
compiling menu_configuration.cpp...
compiling menu_main.cpp...
compiling menu_advanced.cpp...
compiling menu_media.cpp...
compiling menu_password.cpp...
compiling menu_probe_offset.cpp...
compiling menu_power_monitor.cpp...
compiling menu_motion.cpp...
compiling menu_tramming.cpp...
compiling menu_touch_screen.cpp...
compiling menu_spindle_laser.cpp...
compiling menu_ubl.cpp...
compiling menu_temperature.cpp...
compiling canvas.cpp...
compiling menu_tmc.cpp...
compiling tft_image.cpp...
compiling tft.cpp...
compiling menu_tune.cpp...
compiling tft_queue.cpp...
compiling tft_string.cpp...
compiling touch.cpp...
compiling helvetica_14.cpp...
compiling back_32x32x4.cpp...
compiling tft_io.cpp...
compiling background_320x30x16.cpp...
compiling ui_common.cpp...
compiling btn_rounded_42x39x4.cpp...
compiling ui_320x240.cpp...
compiling cancel_64x64x4.cpp...
compiling btn_rounded_64x52x4.cpp...
compiling chamber_64x64x4.cpp...
compiling bootscreen_320x240x16.cpp...
compiling confirm_64x64x4.cpp...
compiling directory_32x32x4.cpp...
compiling down_32x32x4.cpp...
compiling decrease_64x64x4.cpp...
compiling fan_64x64x4.cpp...
compiling fan_fast_64x64x4.cpp...
compiling fan_slow_64x64x4.cpp...
compiling feedrate_32x32x4.cpp...
compiling flowrate_32x32x4.cpp...
compiling hotend_64x64x4.cpp...
compiling home_64x64x4.cpp...
compiling increase_64x64x4.cpp...
compiling heated_bed_64x64x4.cpp...
compiling left_32x32x4.cpp...
compiling crc16.cpp...
compiling dtostrf.cpp...
compiling leveling_32x32x4.cpp...
compiling menu_64x64x4.cpp...
compiling refresh_32x32x4.cpp...
compiling pause_64x64x4.cpp...
compiling right_32x32x4.cpp...
compiling sd_64x64x4.cpp...
compiling settings_64x64x4.cpp...
compiling slider_8x16x4.cpp...
compiling up_32x32x4.cpp...
compiling hex_print.cpp...
compiling buzzer.cpp...
compiling numtostr.cpp...
compiling nozzle.cpp...
compiling stopwatch.cpp...
compiling vector_3.cpp...
compiling encoder.cpp...
compiling HS_servo.cpp...
compiling endstops.cpp...
compiling printcounter.cpp...
compiling motion.cpp...
compiling servo.cpp...
compiling probe.cpp...
compiling planner.cpp...
compiling indirection.cpp...
compiling tool_change.cpp...
compiling settings.cpp...
compiling trinamic.cpp...
compiling stepper.cpp...
compiling temperature.cpp...
compiling Sd2Card.cpp...
compiling BayesFunctions.c...
compiling BasicMathFunctionsF16.c...
compiling BayesFunctionsF16.c...
compiling cardreader.cpp...
compiling CommonTablesF16.c...
compiling SdFatUtil.cpp...
compiling SdBaseFile.cpp...
compiling SdFile.cpp...
compiling Sd2Card_FlashDrive.cpp...
compiling ComplexMathFunctionsF16.c...
compiling SdVolume.cpp...
compiling ControllerFunctions.c...
compiling ComplexMathFunctions.c...
compiling DistanceFunctionsF16.c...
compiling FastMathFunctionsF16.c...
compiling InterpolationFunctionsF16.c...
compiling FilteringFunctionsF16.c...
compiling BasicMathFunctions.c...
compiling InterpolationFunctions.c...
compiling MatrixFunctionsF16.c...
compiling QuaternionMathFunctions.c...
compiling DistanceFunctions.c...
compiling SVMFunctionsF16.c...
compiling FastMathFunctions.c...
compiling SVMFunctions.c...
compiling CommonTables.c...
compiling SupportFunctionsF16.c...
compiling StatisticsFunctionsF16.c...
compiling TransformFunctionsF16.c...
compiling SupportFunctions.c...
compiling MatrixFunctions.c...
compiling StatisticsFunctions.c...
compiling TransformFunctions.c...
compiling FilteringFunctions.c...
linking...
Program Size: Code=223676 RO-data=161236 RW-data=1320 ZI-data=87568  
FromELF: creating hex file...
After Build - User command #1: C:\Keil_v5\\ARM\ARMCC\bin\fromelf.exe --bin --output=firmware.bin .\obj\firmware.axf
".\obj\firmware.axf" - 0 Error(s), 0 Warning(s).

<h2>Software Packages used:</h2>

Package Vendor: ARM
                http://www.keil.com/pack/ARM.CMSIS.5.8.0.pack
                ARM.CMSIS.5.8.0
                CMSIS (Common Microcontroller Software Interface Standard)
   * Component: CORE Version: 5.5.0

Package Vendor: ARM
                https://www.keil.com/pack/ARM.CMSIS-DSP.1.15.0.pack
                ARM.CMSIS-DSP.1.15.0
                CMSIS Embedded Compute Library
   * Component: DSP Variant: Source Version: 1.15.0

Package Vendor: HDSC
                https://raw.githubusercontent.com/OrloDavid/HC32F460/main/HDSC.HC32F460.1.0.11.pack
                HDSC.HC32F460.1.0.11
                HC32F460 ARM Cortex-M4 Device Family Pack

<h2>Collection of Component include folders:</h2>
  .\RTE\_King_Kobra_Firmware
  C:\Users\DavidMOrlo\AppData\Local\Arm\Packs\ARM\CMSIS-DSP\1.15.0\Include
  C:\Users\DavidMOrlo\AppData\Local\Arm\Packs\ARM\CMSIS-DSP\1.15.0\PrivateInclude
  C:\Users\DavidMOrlo\AppData\Local\Arm\Packs\ARM\CMSIS\5.8.0\CMSIS\Core\Include
  C:\Users\DavidMOrlo\AppData\Local\Arm\Packs\HDSC\HC32F460\1.0.11\Device\Include

<h2>Collection of Component Files used:</h2>

   * Component: ARM::CMSIS:CORE:5.5.0

   * Component: ARM::CMSIS:DSP:Source:1.15.0
      Include file:  Include\arm_const_structs_f16.h
      Source file:   Source\CommonTables\CommonTables.c
      Source file:   Source\MatrixFunctions\MatrixFunctions.c
      Include file:  Include\arm_math_f16.h
      Source file:   Source\StatisticsFunctions\StatisticsFunctions.c
      Source file:   Source\QuaternionMathFunctions\QuaternionMathFunctions.c
      Source file:   Source\SupportFunctions\SupportFunctions.c
      Source file:   Source\TransformFunctions\TransformFunctions.c
      Source file:   Source\InterpolationFunctions\InterpolationFunctions.c
      Include file:  Include\arm_common_tables_f16.h
      Source file:   Source\SVMFunctions\SVMFunctions.c
      Source file:   Source\BayesFunctions\BayesFunctions.c
      Source file:   Source\ControllerFunctions\ControllerFunctions.c
      Source file:   Source\BasicMathFunctions\BasicMathFunctions.c
      Source file:   Source\DistanceFunctions\DistanceFunctions.c
      Include file:  Include\arm_const_structs.h
      Source file:   Source\ComplexMathFunctions\ComplexMathFunctions.c
      Source file:   Source\FastMathFunctions\FastMathFunctions.c
      Source file:   Source\FilteringFunctions\FilteringFunctions.c
      Include file:  Include\arm_math.h
      Include file:  Include\arm_common_tables.h
      Source file:   Source\InterpolationFunctions\InterpolationFunctionsF16.c
      Source file:   Source\FilteringFunctions\FilteringFunctionsF16.c
      Source file:   Source\ComplexMathFunctions\ComplexMathFunctionsF16.c
      Source file:   Source\FastMathFunctions\FastMathFunctionsF16.c
      Source file:   Source\SVMFunctions\SVMFunctionsF16.c
      Source file:   Source\StatisticsFunctions\StatisticsFunctionsF16.c
      Source file:   Source\CommonTables\CommonTablesF16.c
      Source file:   Source\MatrixFunctions\MatrixFunctionsF16.c
      Source file:   Source\SupportFunctions\SupportFunctionsF16.c
      Source file:   Source\TransformFunctions\TransformFunctionsF16.c
      Source file:   Source\BayesFunctions\BayesFunctionsF16.c
      Source file:   Source\DistanceFunctions\DistanceFunctionsF16.c
      Source file:   Source\BasicMathFunctions\BasicMathFunctionsF16.c
Build Time Elapsed:  00:00:26
</pre>
</body>
</html>
