<html>
<body>
<pre>
<h1>µVision Build Log</h1>
<h2>Tool Versions:</h2>
IDE-Version: µVision V5.36.0.0
Copyright (C) 2021 ARM Ltd and ARM Germany GmbH. All rights reserved.
License Information: David Orlo, EGE Tech, LIC=42B2V-8EHRQ-AIB5Q-16443-21WVS-ZCPY5
 
Tool Versions:
Toolchain:       MDK-ARM Community  Version: 5.36.0.0
Toolchain Path:  C:\Keil_v5\ARM\ARMCC\Bin
C Compiler:      Armcc.exe V5.06 update 7 (build 960)
Assembler:       Armasm.exe V5.06 update 7 (build 960)
Linker/Locator:  ArmLink.exe V5.06 update 7 (build 960)
Library Manager: ArmAr.exe V5.06 update 7 (build 960)
Hex Converter:   FromElf.exe V5.06 update 7 (build 960)
CPU DLL:         SARMCM3.DLL V5.36.0.0
Dialog DLL:      DCM.DLL V1.17.3.0
Target DLL:      UL2CM3.DLL V1.164.0.0
Dialog DLL:      TCM.DLL V1.53.0.0
 
<h2>Project:</h2>
C:\CodeX\Git\King_Kobra_Go\workspace\king_kobtra.uvprojx
Project File Date:  11/26/2023

<h2>Output:</h2>
*** Using Compiler 'V5.06 update 7 (build 960)', folder: 'C:\Keil_v5\ARM\ARMCC\Bin'
*** Warning: You are compiling one or more files of source type C++ and have selected 'use MicroLIB'. MicroLIB does not support C++!
  
Build target 'King_Kobra_Firmware'
compiling menu_bed_leveling.cpp...
linking...
Program Size: Code=228592 RO-data=161616 RW-data=1332 ZI-data=87568  
FromELF: creating hex file...
After Build - User command #1: C:\Keil_v5\\ARM\ARMCC\bin\fromelf.exe --bin --output=firmware.bin .\obj\firmware.axf
".\obj\firmware.axf" - 0 Error(s), 0 Warning(s).

<h2>Software Packages used:</h2>

Package Vendor: ARM
                http://www.keil.com/pack/ARM.CMSIS.5.8.0.pack
                ARM.CMSIS.5.8.0
                CMSIS (Common Microcontroller Software Interface Standard)
   * Component: CORE Version: 5.5.0

Package Vendor: ARM
                https://www.keil.com/pack/ARM.CMSIS-DSP.1.15.0.pack
                ARM.CMSIS-DSP.1.15.0
                CMSIS Embedded Compute Library
   * Component: DSP Variant: Source Version: 1.15.0

Package Vendor: HDSC
                https://raw.githubusercontent.com/OrloDavid/HC32F460/main/HDSC.HC32F460.1.0.11.pack
                HDSC.HC32F460.1.0.11
                HC32F460 ARM Cortex-M4 Device Family Pack

<h2>Collection of Component include folders:</h2>
  .\RTE\_King_Kobra_Firmware
  C:\Users\DavidMOrlo\AppData\Local\Arm\Packs\ARM\CMSIS-DSP\1.15.0\Include
  C:\Users\DavidMOrlo\AppData\Local\Arm\Packs\ARM\CMSIS-DSP\1.15.0\PrivateInclude
  C:\Users\DavidMOrlo\AppData\Local\Arm\Packs\ARM\CMSIS\5.8.0\CMSIS\Core\Include
  C:\Users\DavidMOrlo\AppData\Local\Arm\Packs\HDSC\HC32F460\1.0.11\Device\Include

<h2>Collection of Component Files used:</h2>

   * Component: ARM::CMSIS:CORE:5.5.0

   * Component: ARM::CMSIS:DSP:Source:1.15.0
      Include file:  Include\arm_common_tables.h
      Source file:   Source\InterpolationFunctions\InterpolationFunctions.c
      Source file:   Source\ComplexMathFunctions\ComplexMathFunctions.c
      Source file:   Source\DistanceFunctions\DistanceFunctions.c
      Include file:  Include\arm_const_structs.h
      Source file:   Source\StatisticsFunctions\StatisticsFunctions.c
      Source file:   Source\MatrixFunctions\MatrixFunctions.c
      Source file:   Source\CommonTables\CommonTables.c
      Include file:  Include\arm_math_f16.h
      Source file:   Source\QuaternionMathFunctions\QuaternionMathFunctions.c
      Source file:   Source\BayesFunctions\BayesFunctions.c
      Source file:   Source\ControllerFunctions\ControllerFunctions.c
      Include file:  Include\arm_common_tables_f16.h
      Source file:   Source\FilteringFunctions\FilteringFunctions.c
      Source file:   Source\SupportFunctions\SupportFunctions.c
      Source file:   Source\SVMFunctions\SVMFunctions.c
      Include file:  Include\arm_math.h
      Include file:  Include\arm_const_structs_f16.h
      Source file:   Source\BasicMathFunctions\BasicMathFunctions.c
      Source file:   Source\FastMathFunctions\FastMathFunctions.c
      Source file:   Source\TransformFunctions\TransformFunctions.c
      Source file:   Source\SupportFunctions\SupportFunctionsF16.c
      Source file:   Source\DistanceFunctions\DistanceFunctionsF16.c
      Source file:   Source\BasicMathFunctions\BasicMathFunctionsF16.c
      Source file:   Source\ComplexMathFunctions\ComplexMathFunctionsF16.c
      Source file:   Source\StatisticsFunctions\StatisticsFunctionsF16.c
      Source file:   Source\CommonTables\CommonTablesF16.c
      Source file:   Source\BayesFunctions\BayesFunctionsF16.c
      Source file:   Source\MatrixFunctions\MatrixFunctionsF16.c
      Source file:   Source\InterpolationFunctions\InterpolationFunctionsF16.c
      Source file:   Source\SVMFunctions\SVMFunctionsF16.c
      Source file:   Source\FastMathFunctions\FastMathFunctionsF16.c
      Source file:   Source\TransformFunctions\TransformFunctionsF16.c
      Source file:   Source\FilteringFunctions\FilteringFunctionsF16.c
Build Time Elapsed:  00:00:03
</pre>
</body>
</html>
